
> neonkart@0.0.0 build
> vite build

[36mvite v8.0.3 [32mbuilding client environment for production...[36m[39m
[2K
transforming...Ô£ô 2208 modules transformed.
rendering chunks...
node.exe : [31mÔ£ù[39m Build failed in 1.51s
At 
C:\Users\Asus\AppData\Roaming\npm\npm.ps1:24 
char:5
+     & "node$exe"  
"$basedir/node_modules/npm/bin/npm-cli.js" 
$args
+     ~~~~~~~~~~~~~~~~~~~~~~~~~~~~~~~~~~~~~~~~
~~~~~~~~~~~~~~~~~~~~~~
    + CategoryInfo          : NotSpecified: ( 
   [31mÔ£ù[39m Build failed in 1.51s:Strin  
  g) [], RemoteException
    + FullyQualifiedErrorId : NativeCommandEr 
   ror
 
[31merror during build:
[31mBuild failed with 3 errors:

[31m[MISSING_EXPORT] Error:[0m "Github" is 
not exported by "node_modules/lucide-react/dis
t/esm/lucide-react.js".
   [38;5;246mÔò¡[0m[38;5;246mÔöÇ[0m[38;5;
246m[[0m 
src/components/common/Footer.jsx:2:10 
[38;5;246m][0m
   [38;5;246mÔöé[0m
 [38;5;246m2 Ôöé[0m [38;5;249mi[0m[38;5;2
49mm[0m[38;5;249mp[0m[38;5;249mo[0m[38;5
;249mr[0m[38;5;249mt[0m[38;5;249m 
[0m[38;5;249m{[0m[38;5;249m 
[0mGithub[38;5;249m,[0m[38;5;249m [0m[38
;5;249mT[0m[38;5;249mw[0m[38;5;249mi[0m[
38;5;249mt[0m[38;5;249mt[0m[38;5;249me[0m
[38;5;249mr[0m[38;5;249m,[0m[38;5;249m [
0m[38;5;249mI[0m[38;5;249mn[0m[38;5;249ms
[0m[38;5;249mt[0m[38;5;249ma[0m[38;5;249
mg[0m[38;5;249mr[0m[38;5;249ma[0m[38;5;2
49mm[0m[38;5;249m,[0m[38;5;249m [0m[38;5
;249mM[0m[38;5;249ma[0m[38;5;249mi[0m[38
;5;249ml[0m[38;5;249m,[0m[38;5;249m [0m[
38;5;249mZ[0m[38;5;249ma[0m[38;5;249mp[0m
[38;5;249m [0m[38;5;249m}[0m[38;5;249m [
0m[38;5;249mf[0m[38;5;249mr[0m[38;5;249mo
[0m[38;5;249mm[0m[38;5;249m [0m[38;5;249
m"[0m[38;5;249ml[0m[38;5;249mu[0m[38;5;2
49mc[0m[38;5;249mi[0m[38;5;249md[0m[38;5
;249me[0m[38;5;249m-[0m[38;5;249mr[0m[38
;5;249me[0m[38;5;249ma[0m[38;5;249mc[0m[
38;5;249mt[0m[38;5;249m"[0m[38;5;249m;[0m
 [38;5;240m  Ôöé[0m          
ÔöÇÔöÇÔöÇÔö¼ÔöÇÔöÇ  
 [38;5;240m  Ôöé[0m             
Ôò░ÔöÇÔöÇÔöÇÔöÇ Missing export
[38;5;246mÔöÇÔöÇÔöÇÔò»[0m

[31m[MISSING_EXPORT] Error:[0m "Twitter" is 
not exported by "node_modules/lucide-react/dis
t/esm/lucide-react.js".
   [38;5;246mÔò¡[0m[38;5;246mÔöÇ[0m[38;5;
246m[[0m 
src/components/common/Footer.jsx:2:18 
[38;5;246m][0m
   [38;5;246mÔöé[0m
 [38;5;246m2 Ôöé[0m [38;5;249mi[0m[38;5;2
49mm[0m[38;5;249mp[0m[38;5;249mo[0m[38;5
;249mr[0m[38;5;249mt[0m[38;5;249m 
[0m[38;5;249m{[0m[38;5;249m [0m[38;5;249
mG[0m[38;5;249mi[0m[38;5;249mt[0m[38;5;2
49mh[0m[38;5;249mu[0m[38;5;249mb[0m[38;5
;249m,[0m[38;5;249m 
[0mTwitter[38;5;249m,[0m[38;5;249m [0m[3
8;5;249mI[0m[38;5;249mn[0m[38;5;249ms[0m
[38;5;249mt[0m[38;5;249ma[0m[38;5;249mg[0
m[38;5;249mr[0m[38;5;249ma[0m[38;5;249mm
[0m[38;5;249m,[0m[38;5;249m [0m[38;5;249m
M[0m[38;5;249ma[0m[38;5;249mi[0m[38;5;24
9ml[0m[38;5;249m,[0m[38;5;249m [0m[38;5;
249mZ[0m[38;5;249ma[0m[38;5;249mp[0m[38;
5;249m [0m[38;5;249m}[0m[38;5;249m [0m[3
8;5;249mf[0m[38;5;249mr[0m[38;5;249mo[0m
[38;5;249mm[0m[38;5;249m [0m[38;5;249m"[0
m[38;5;249ml[0m[38;5;249mu[0m[38;5;249mc
[0m[38;5;249mi[0m[38;5;249md[0m[38;5;249m
e[0m[38;5;249m-[0m[38;5;249mr[0m[38;5;24
9me[0m[38;5;249ma[0m[38;5;249mc[0m[38;5;
249mt[0m[38;5;249m"[0m[38;5;249m;[0m
 [38;5;240m  Ôöé[0m                  
ÔöÇÔöÇÔöÇÔö¼ÔöÇÔöÇÔöÇ  
 [38;5;240m  Ôöé[0m                     
Ôò░ÔöÇÔöÇÔöÇÔöÇÔöÇ Missing export
[38;5;246mÔöÇÔöÇÔöÇÔò»[0m

[31m[MISSING_EXPORT] Error:[0m "Instagram" 
is not exported by "node_modules/lucide-react/
dist/esm/lucide-react.js".
   [38;5;246mÔò¡[0m[38;5;246mÔöÇ[0m[38;5;
246m[[0m 
src/components/common/Footer.jsx:2:27 
[38;5;246m][0m
   [38;5;246mÔöé[0m
 [38;5;246m2 Ôöé[0m [38;5;249mi[0m[38;5;2
49mm[0m[38;5;249mp[0m[38;5;249mo[0m[38;5
;249mr[0m[38;5;249mt[0m[38;5;249m 
[0m[38;5;249m{[0m[38;5;249m [0m[38;5;249
mG[0m[38;5;249mi[0m[38;5;249mt[0m[38;5;2
49mh[0m[38;5;249mu[0m[38;5;249mb[0m[38;5
;249m,[0m[38;5;249m [0m[38;5;249mT[0m[38
;5;249mw[0m[38;5;249mi[0m[38;5;249mt[0m[
38;5;249mt[0m[38;5;249me[0m[38;5;249mr[0m
[38;5;249m,[0m[38;5;249m 
[0mInstagram[38;5;249m,[0m[38;5;249m [0m
[38;5;249mM[0m[38;5;249ma[0m[38;5;249mi[0
m[38;5;249ml[0m[38;5;249m,[0m[38;5;249m 
[0m[38;5;249mZ[0m[38;5;249ma[0m[38;5;249m
p[0m[38;5;249m 
[0m[38;5;249m}[0m[38;5;249m [0m[38;5;249
mf[0m[38;5;249mr[0m[38;5;249mo[0m[38;5;2
49mm[0m[38;5;249m [0m[38;5;249m"[0m[38;5
;249ml[0m[38;5;249mu[0m[38;5;249mc[0m[38
;5;249mi[0m[38;5;249md[0m[38;5;249me[0m[
38;5;249m-[0m[38;5;249mr[0m[38;5;249me[0m
[38;5;249ma[0m[38;5;249mc[0m[38;5;249mt[
0m[38;5;249m"[0m[38;5;249m;[0m
 [38;5;240m  Ôöé[0m                         
  ÔöÇÔöÇÔöÇÔöÇÔö¼ÔöÇÔöÇÔöÇÔöÇ  
 [38;5;240m  Ôöé[0m                         
      Ôò░ÔöÇÔöÇÔöÇÔöÇÔöÇÔöÇ Missing export
[38;5;246mÔöÇÔöÇÔöÇÔò»[0m
[31m
    at aggregateBindingErrorsIntoJsError (file
:///C:/Users/Asus/.gemini/antigravity/scratch/
neonkart/node_modules/rolldown/dist/shared/err
or-BLhcSyeg.mjs:48:18)
    at unwrapBindingResult (file:///C:/Users/A
sus/.gemini/antigravity/scratch/neonkart/node_
modules/rolldown/dist/shared/error-BLhcSyeg.mj
s:18:128)
    at #build (file:///C:/Users/Asus/.gemini/a
ntigravity/scratch/neonkart/node_modules/rolld
own/dist/shared/rolldown-build-CPrIX9V6.mjs:33
13:34)
    at async buildEnvironment (file:///C:/User
s/Asus/.gemini/antigravity/scratch/neonkart/no
de_modules/vite/dist/node/chunks/node.js:32849
:64)
    at async Object.build (file:///C:/Users/As
us/.gemini/antigravity/scratch/neonkart/node_m
odules/vite/dist/node/chunks/node.js:33271:19)
    at async Object.buildApp (file:///C:/Users
/Asus/.gemini/antigravity/scratch/neonkart/nod
e_modules/vite/dist/node/chunks/node.js:33268:
153)
    at async CAC.<anonymous> (file:///C:/Users
/Asus/.gemini/antigravity/scratch/neonkart/nod
e_modules/vite/dist/node/cli.js:778:3) {
  errors: [Getter/Setter]
}[39m
